    rG  sim_id
0  0.1       0
1  0.2       1
2  0.3       2
3  0.4       3
4  0.5       4
5  0.6       5
6  0.7       6
7  0.8       7
8  0.9       8
9  1.0       9
plan dtypes: sim_id             int64
run_name             str
split                str
lambda_option    float64
rG               float64
job_id             int64
out_path             str
dtype: object
done with tuning
done with training
   rGC  sim_id
0  0.1       0
1  0.2       1
2  0.3       2
3  0.4       3
4  0.5       4
5  0.6       5
6  0.7       6
7  0.8       7
8  0.9       8
9  1.0       9
plan dtypes: sim_id             int64
run_name             str
split                str
lambda_option    float64
rGC              float64
job_id             int64
out_path             str
dtype: object
done with tuning
